 ⨯ Error: Cannot find module 'C:\Users\americanhistory921\Desktop\accsmarkets\.next\server\app\api\auth\[...nextauth]\route.js'
Require stack:
- C:\Users\americanhistory921\Desktop\accsmarkets\node_modules\next\dist\server\require.js
- C:\Users\americanhistory921\Desktop\accsmarkets\node_modules\next\dist\server\next-server.js
- C:\Users\americanhistory921\Desktop\accsmarkets\node_modules\next\dist\server\next.js
- C:\Users\americanhistory921\Desktop\accsmarkets\server.js
    at Module.<anonymous> (node:internal/modules/cjs/loader:1564:15)
    at C:\Users\americanhistory921\Desktop\accsmarkets\node_modules\next\dist\server\require-hook.js:55:36
    at wrapResolveFilename (node:internal/modules/cjs/loader:1118:27)
    at defaultResolveImplForCJSLoading (node:internal/modules/cjs/loader:1142:10)
    at resolveForCJSWithHooks (node:internal/modules/cjs/loader:1169:12)
    at Module._load (node:internal/modules/cjs/loader:1341:5)
    at wrapModuleLoad (node:internal/modules/cjs/loader:261:19)
    at Module.<anonymous> (node:internal/modules/cjs/loader:1674:12)
    at mod.require (C:\Users\americanhistory921\Desktop\accsmarkets\node_modules\next\dist\server\require-hook.js:65:28)
    at require (node:internal/modules/helpers:157:16) {
  code: 'MODULE_NOT_FOUND',
  requireStack: [
    'C:\\Users\\americanhistory921\\Desktop\\accsmarkets\\node_modules\\next\\dist\\server\\require.js',
    'C:\\Users\\americanhistory921\\Desktop\\accsmarkets\\node_modules\\next\\dist\\server\\next-server.js',
    'C:\\Users\\americanhistory921\\Desktop\\accsmarkets\\node_modules\\next\\dist\\server\\next.js',
    'C:\\Users\\americanhistory921\\Desktop\\accsmarkets\\server.js'
  ]
}
 ⨯ Error: Cannot find module 'C:\Users\americanhistory921\Desktop\accsmarkets\.next\server\pages\_error.js'
Require stack:
- C:\Users\americanhistory921\Desktop\accsmarkets\node_modules\next\dist\server\require.js
- C:\Users\americanhistory921\Desktop\accsmarkets\node_modules\next\dist\server\next-server.js
- C:\Users\americanhistory921\Desktop\accsmarkets\node_modules\next\dist\server\next.js
- C:\Users\americanhistory921\Desktop\accsmarkets\server.js
    at Module.<anonymous> (node:internal/modules/cjs/loader:1564:15)
    at C:\Users\americanhistory921\Desktop\accsmarkets\node_modules\next\dist\server\require-hook.js:55:36
    at wrapResolveFilename (node:internal/modules/cjs/loader:1118:27)
    at defaultResolveImplForCJSLoading (node:internal/modules/cjs/loader:1142:10)
    at resolveForCJSWithHooks (node:internal/modules/cjs/loader:1169:12)
    at Module._load (node:internal/modules/cjs/loader:1341:5)
    at wrapModuleLoad (node:internal/modules/cjs/loader:261:19)
    at Module.<anonymous> (node:internal/modules/cjs/loader:1674:12)
    at mod.require (C:\Users\americanhistory921\Desktop\accsmarkets\node_modules\next\dist\server\require-hook.js:65:28)
    at require (node:internal/modules/helpers:157:16) {
  code: 'MODULE_NOT_FOUND',
  requireStack: [
    'C:\\Users\\americanhistory921\\Desktop\\accsmarkets\\node_modules\\next\\dist\\server\\require.js',
    'C:\\Users\\americanhistory921\\Desktop\\accsmarkets\\node_modules\\next\\dist\\server\\next-server.js',
    'C:\\Users\\americanhistory921\\Desktop\\accsmarkets\\node_modules\\next\\dist\\server\\next.js',
    'C:\\Users\\americanhistory921\\Desktop\\accsmarkets\\server.js'
  ]
}
 ⨯ TypeError: Cannot read properties of undefined (reading 'clientModules')
    at C:\Users\americanhistory921\Desktop\accsmarkets\node_modules\next\dist\compiled\next-server\app-page.runtime.prod.js:17:24397
    at C:\Users\americanhistory921\Desktop\accsmarkets\node_modules\next\dist\server\lib\trace\tracer.js:191:62
    at C:\Users\americanhistory921\Desktop\accsmarkets\node_modules\next\dist\server\lib\trace\tracer.js:140:36
    at NoopContextManager.with (C:\Users\americanhistory921\Desktop\accsmarkets\node_modules\next\dist\compiled\@opentelemetry\api\index.js:1:7062)
    at ContextAPI.with (C:\Users\americanhistory921\Desktop\accsmarkets\node_modules\next\dist\compiled\@opentelemetry\api\index.js:1:518)
    at NoopTracer.startActiveSpan (C:\Users\americanhistory921\Desktop\accsmarkets\node_modules\next\dist\compiled\@opentelemetry\api\index.js:1:18093)
    at ProxyTracer.startActiveSpan (C:\Users\americanhistory921\Desktop\accsmarkets\node_modules\next\dist\compiled\@opentelemetry\api\index.js:1:18854)
    at C:\Users\americanhistory921\Desktop\accsmarkets\node_modules\next\dist\server\lib\trace\tracer.js:122:103
    at NoopContextManager.with (C:\Users\americanhistory921\Desktop\accsmarkets\node_modules\next\dist\compiled\@opentelemetry\api\index.js:1:7062)
    at ContextAPI.with (C:\Users\americanhistory921\Desktop\accsmarkets\node_modules\next\dist\compiled\@opentelemetry\api\index.js:1:518)
