Error: Failed to find Server Action "a79b1a13". This request might be from an older or newer deployment. 
    at r$ (C:\Users\americanhistory921\Desktop\accsmarkets\node_modules\next\dist\compiled\next-server\app-page.runtime.prod.js:17:1667)
    at rE (C:\Users\americanhistory921\Desktop\accsmarkets\node_modules\next\dist\compiled\next-server\app-page.runtime.prod.js:15:6522)
    at no (C:\Users\americanhistory921\Desktop\accsmarkets\node_modules\next\dist\compiled\next-server\app-page.runtime.prod.js:19:1150)
    at C:\Users\americanhistory921\Desktop\accsmarkets\node_modules\next\dist\compiled\next-server\app-page.runtime.prod.js:20:726
    at AsyncLocalStorage.run (node:internal/async_local_storage/async_context_frame:65:14)
    at Object.wrap (C:\Users\americanhistory921\Desktop\accsmarkets\node_modules\next\dist\compiled\next-server\app-page.runtime.prod.js:13:17831)
    at C:\Users\americanhistory921\Desktop\accsmarkets\node_modules\next\dist\compiled\next-server\app-page.runtime.prod.js:20:616
    at AsyncLocalStorage.run (node:internal/async_local_storage/async_context_frame:65:14)
    at Object.wrap (C:\Users\americanhistory921\Desktop\accsmarkets\node_modules\next\dist\compiled\next-server\app-page.runtime.prod.js:13:16935)
    at ni (C:\Users\americanhistory921\Desktop\accsmarkets\node_modules\next\dist\compiled\next-server\app-page.runtime.prod.js:20:543)
Error: Failed to find Server Action "c4b06179". This request might be from an older or newer deployment. 
    at r$ (C:\Users\americanhistory921\Desktop\accsmarkets\node_modules\next\dist\compiled\next-server\app-page.runtime.prod.js:17:1667)
    at rE (C:\Users\americanhistory921\Desktop\accsmarkets\node_modules\next\dist\compiled\next-server\app-page.runtime.prod.js:15:6522)
    at no (C:\Users\americanhistory921\Desktop\accsmarkets\node_modules\next\dist\compiled\next-server\app-page.runtime.prod.js:19:1150)
    at C:\Users\americanhistory921\Desktop\accsmarkets\node_modules\next\dist\compiled\next-server\app-page.runtime.prod.js:20:726
    at AsyncLocalStorage.run (node:internal/async_local_storage/async_context_frame:65:14)
    at Object.wrap (C:\Users\americanhistory921\Desktop\accsmarkets\node_modules\next\dist\compiled\next-server\app-page.runtime.prod.js:13:17831)
    at C:\Users\americanhistory921\Desktop\accsmarkets\node_modules\next\dist\compiled\next-server\app-page.runtime.prod.js:20:616
    at AsyncLocalStorage.run (node:internal/async_local_storage/async_context_frame:65:14)
    at Object.wrap (C:\Users\americanhistory921\Desktop\accsmarkets\node_modules\next\dist\compiled\next-server\app-page.runtime.prod.js:13:16935)
    at ni (C:\Users\americanhistory921\Desktop\accsmarkets\node_modules\next\dist\compiled\next-server\app-page.runtime.prod.js:20:543)
Error: Failed to find Server Action "731bd058". This request might be from an older or newer deployment. 
    at r$ (C:\Users\americanhistory921\Desktop\accsmarkets\node_modules\next\dist\compiled\next-server\app-page.runtime.prod.js:17:1667)
    at rE (C:\Users\americanhistory921\Desktop\accsmarkets\node_modules\next\dist\compiled\next-server\app-page.runtime.prod.js:15:6522)
    at no (C:\Users\americanhistory921\Desktop\accsmarkets\node_modules\next\dist\compiled\next-server\app-page.runtime.prod.js:19:1150)
    at C:\Users\americanhistory921\Desktop\accsmarkets\node_modules\next\dist\compiled\next-server\app-page.runtime.prod.js:20:726
    at AsyncLocalStorage.run (node:internal/async_local_storage/async_context_frame:65:14)
    at Object.wrap (C:\Users\americanhistory921\Desktop\accsmarkets\node_modules\next\dist\compiled\next-server\app-page.runtime.prod.js:13:17831)
    at C:\Users\americanhistory921\Desktop\accsmarkets\node_modules\next\dist\compiled\next-server\app-page.runtime.prod.js:20:616
    at AsyncLocalStorage.run (node:internal/async_local_storage/async_context_frame:65:14)
    at Object.wrap (C:\Users\americanhistory921\Desktop\accsmarkets\node_modules\next\dist\compiled\next-server\app-page.runtime.prod.js:13:16935)
    at ni (C:\Users\americanhistory921\Desktop\accsmarkets\node_modules\next\dist\compiled\next-server\app-page.runtime.prod.js:20:543)
Error: Failed to find Server Action "20a2fa42". This request might be from an older or newer deployment. 
    at r$ (C:\Users\americanhistory921\Desktop\accsmarkets\node_modules\next\dist\compiled\next-server\app-page.runtime.prod.js:17:1667)
    at rE (C:\Users\americanhistory921\Desktop\accsmarkets\node_modules\next\dist\compiled\next-server\app-page.runtime.prod.js:15:6522)
    at no (C:\Users\americanhistory921\Desktop\accsmarkets\node_modules\next\dist\compiled\next-server\app-page.runtime.prod.js:19:1150)
    at C:\Users\americanhistory921\Desktop\accsmarkets\node_modules\next\dist\compiled\next-server\app-page.runtime.prod.js:20:726
    at AsyncLocalStorage.run (node:internal/async_local_storage/async_context_frame:65:14)
    at Object.wrap (C:\Users\americanhistory921\Desktop\accsmarkets\node_modules\next\dist\compiled\next-server\app-page.runtime.prod.js:13:17831)
    at C:\Users\americanhistory921\Desktop\accsmarkets\node_modules\next\dist\compiled\next-server\app-page.runtime.prod.js:20:616
    at AsyncLocalStorage.run (node:internal/async_local_storage/async_context_frame:65:14)
    at Object.wrap (C:\Users\americanhistory921\Desktop\accsmarkets\node_modules\next\dist\compiled\next-server\app-page.runtime.prod.js:13:16935)
    at ni (C:\Users\americanhistory921\Desktop\accsmarkets\node_modules\next\dist\compiled\next-server\app-page.runtime.prod.js:20:543)
Error: Failed to find Server Action "972a9a58". This request might be from an older or newer deployment. 
    at r$ (C:\Users\americanhistory921\Desktop\accsmarkets\node_modules\next\dist\compiled\next-server\app-page.runtime.prod.js:17:1667)
    at rE (C:\Users\americanhistory921\Desktop\accsmarkets\node_modules\next\dist\compiled\next-server\app-page.runtime.prod.js:15:6522)
    at no (C:\Users\americanhistory921\Desktop\accsmarkets\node_modules\next\dist\compiled\next-server\app-page.runtime.prod.js:19:1150)
    at C:\Users\americanhistory921\Desktop\accsmarkets\node_modules\next\dist\compiled\next-server\app-page.runtime.prod.js:20:726
    at AsyncLocalStorage.run (node:internal/async_local_storage/async_context_frame:65:14)
    at Object.wrap (C:\Users\americanhistory921\Desktop\accsmarkets\node_modules\next\dist\compiled\next-server\app-page.runtime.prod.js:13:17831)
    at C:\Users\americanhistory921\Desktop\accsmarkets\node_modules\next\dist\compiled\next-server\app-page.runtime.prod.js:20:616
    at AsyncLocalStorage.run (node:internal/async_local_storage/async_context_frame:65:14)
    at Object.wrap (C:\Users\americanhistory921\Desktop\accsmarkets\node_modules\next\dist\compiled\next-server\app-page.runtime.prod.js:13:16935)
    at ni (C:\Users\americanhistory921\Desktop\accsmarkets\node_modules\next\dist\compiled\next-server\app-page.runtime.prod.js:20:543)
Error: Failed to find Server Action "dd181001". This request might be from an older or newer deployment. 
    at r$ (C:\Users\americanhistory921\Desktop\accsmarkets\node_modules\next\dist\compiled\next-server\app-page.runtime.prod.js:17:1667)
    at rE (C:\Users\americanhistory921\Desktop\accsmarkets\node_modules\next\dist\compiled\next-server\app-page.runtime.prod.js:15:6522)
    at no (C:\Users\americanhistory921\Desktop\accsmarkets\node_modules\next\dist\compiled\next-server\app-page.runtime.prod.js:19:1150)
    at C:\Users\americanhistory921\Desktop\accsmarkets\node_modules\next\dist\compiled\next-server\app-page.runtime.prod.js:20:726
    at AsyncLocalStorage.run (node:internal/async_local_storage/async_context_frame:65:14)
    at Object.wrap (C:\Users\americanhistory921\Desktop\accsmarkets\node_modules\next\dist\compiled\next-server\app-page.runtime.prod.js:13:17831)
    at C:\Users\americanhistory921\Desktop\accsmarkets\node_modules\next\dist\compiled\next-server\app-page.runtime.prod.js:20:616
    at AsyncLocalStorage.run (node:internal/async_local_storage/async_context_frame:65:14)
    at Object.wrap (C:\Users\americanhistory921\Desktop\accsmarkets\node_modules\next\dist\compiled\next-server\app-page.runtime.prod.js:13:16935)
    at ni (C:\Users\americanhistory921\Desktop\accsmarkets\node_modules\next\dist\compiled\next-server\app-page.runtime.prod.js:20:543)
[client-error] {"message":"Loading chunk 1699 failed.\n(error: https://accsmarkets.org/_next/static/chunks/app/(public)/listings/%5Bid%5D/page-eb0c1e0d4949b541.js)","stack":"ChunkLoadError\n    at d.f.j (https://accsmarkets.org/_next/static/chunks/webpack-bdd0ab901df23840.js:1:3079)\n    at https://accsmarkets.org/_next/static/chunks/webpack-bdd0ab901df23840.js:1:1385\n    at Array.reduce (<anonymous>)\n    at d.e (https://accsmarkets.org/_next/static/chunks/webpack-bdd0ab901df23840.js:1:1351)\n    at https://accsmarkets.org/_next/static/chunks/2117-be3f3bf4f9deaa88.js:2:18940\n    at https://accsmarkets.org/_next/static/chunks/2117-be3f3bf4f9deaa88.js:2:19142\n    at t (https://accsmarkets.org/_next/static/chunks/2117-be3f3bf4f9deaa88.js:2:19345)","digest":"","url":"https://accsmarkets.org/listings/cms0psn380007o2f2tm7cufq3","ua":"Mozilla/5.0 (Windows NT 10.0; Win64; x64) AppleWebKit/537.36 (KHTML, like Gecko) Chrome/145.0.0.0 Safari/537.36 (compatible; meta-externalagent/1.1 (+https://developers.facebook.com/docs/sharing/webmasters/crawler))","ip":"2a03:2880:f810:56::","at":"2026-09-17T02:47:06.990Z"}
[client-error] {"message":"Loading chunk 1699 failed.\n(error: https://accsmarkets.org/_next/static/chunks/app/(public)/listings/%5Bid%5D/page-eb0c1e0d4949b541.js)","stack":"ChunkLoadError\n    at d.f.j (https://accsmarkets.org/_next/static/chunks/webpack-bdd0ab901df23840.js:1:3079)\n    at https://accsmarkets.org/_next/static/chunks/webpack-bdd0ab901df23840.js:1:1385\n    at Array.reduce (<anonymous>)\n    at d.e (https://accsmarkets.org/_next/static/chunks/webpack-bdd0ab901df23840.js:1:1351)\n    at https://accsmarkets.org/_next/static/chunks/2117-be3f3bf4f9deaa88.js:2:18940\n    at https://accsmarkets.org/_next/static/chunks/2117-be3f3bf4f9deaa88.js:2:19142\n    at t (https://accsmarkets.org/_next/static/chunks/2117-be3f3bf4f9deaa88.js:2:19345)","digest":"","url":"https://accsmarkets.org/listings/cms0psn380007o2f2tm7cufq3","ua":"Mozilla/5.0 (Windows NT 10.0; Win64; x64) AppleWebKit/537.36 (KHTML, like Gecko) Chrome/145.0.0.0 Safari/537.36 (compatible; meta-externalagent/1.1 (+https://developers.facebook.com/docs/sharing/webmasters/crawler))","ip":"2a03:2880:f810:4::","at":"2026-09-17T02:47:07.803Z"}
